---
source: crates/fw-scouting/tests/observe_proptest.rs
expression: report
---
ScoutReport(
  scout_archetype_id: "fwh.core:scout.basic-uncertainty",
  player_id: 1,
  confidence: FixedI64(
    bits: 2147483648,
  ),
  label_estimates: [],
  category_estimates: [
    GeneCategoryEstimate(
      category: Physical,
      low: FixedI64(
        bits: 1297400714,
      ),
      high: FixedI64(
        bits: 2328192866,
      ),
    ),
    GeneCategoryEstimate(
      category: Mental,
      low: FixedI64(
        bits: 1392693706,
      ),
      high: FixedI64(
        bits: 2423485858,
      ),
    ),
    GeneCategoryEstimate(
      category: Technical,
      low: FixedI64(
        bits: 1520897631,
      ),
      high: FixedI64(
        bits: 2551689783,
      ),
    ),
  ],
)
