---
source: crates/fw-match-sim/tests/match_event_snapshot.rs
assertion_line: 57
expression: state.match_events()
---
[
    KickOff {
        tick: Tick(
            0,
        ),
        is_second_half: false,
    },
    Pass {
        from_slot: 9,
        to_slot: 10,
        tick: Tick(
            5,
        ),
        kind: Cross,
        completed: true,
    },
    Pass {
        from_slot: 10,
        to_slot: 9,
        tick: Tick(
            11,
        ),
        kind: Cross,
        completed: true,
    },
    Pass {
        from_slot: 9,
        to_slot: 10,
        tick: Tick(
            20,
        ),
        kind: Cross,
        completed: true,
    },
    Pass {
        from_slot: 10,
        to_slot: 9,
        tick: Tick(
            26,
        ),
        kind: Long,
        completed: true,
    },
    Pass {
        from_slot: 9,
        to_slot: 10,
        tick: Tick(
            35,
        ),
        kind: Cross,
        completed: true,
    },
    Pass {
        from_slot: 10,
        to_slot: 9,
        tick: Tick(
            56,
        ),
        kind: Long,
        completed: true,
    },
    FullTime {
        tick: Tick(
            60,
        ),
        home_score: 0,
        away_score: 0,
    },
]
